{"model": "gpt", "seed": 20260927, "step": 0, "elapsed_seconds": 0.47477008900023066, "training_loss_recent": null, "processed_target_tokens": 0, "validation": {"nll_per_char": 4.45976976424263, "ppl": 86.46759887128036, "bits_per_char": 6.434087722379384, "body_nll_per_char": 4.45935915707638, "body_ppl": 86.43210194368059, "characters_scored": 8664, "body_characters_scored": 7914, "record_count": 36}, "best_step": 0, "improved": true}
{"model": "gpt", "seed": 20260927, "step": 50, "loss": 3.53718156337738, "elapsed_seconds": 18.73746365900115}
{"model": "gpt", "seed": 20260927, "step": 100, "loss": 2.0720076394081115, "elapsed_seconds": 45.323527235001166}
{"model": "gpt", "seed": 20260927, "step": 150, "loss": 1.2007123923301697, "elapsed_seconds": 67.83929400500165}
{"model": "gpt", "seed": 20260927, "step": 200, "elapsed_seconds": 84.0137500560013, "training_loss_recent": 1.9430525189638137, "processed_target_tokens": 364166, "validation": {"nll_per_char": 0.9641034718854861, "ppl": 2.6224355150839065, "bits_per_char": 1.390907297793023, "body_nll_per_char": 1.0208214845156238, "body_ppl": 2.775473836504938, "characters_scored": 8664, "body_characters_scored": 7914, "record_count": 36}, "best_step": 200, "improved": true}
{"model": "gpt", "seed": 20260927, "step": 250, "loss": 0.894446622133255, "elapsed_seconds": 101.62233813400053}
{"model": "gpt", "seed": 20260927, "step": 300, "loss": 0.851506597995758, "elapsed_seconds": 118.98319705800168}
{"model": "gpt", "seed": 20260927, "step": 350, "loss": 0.8154371309280396, "elapsed_seconds": 134.57619492100093}
{"model": "gpt", "seed": 20260927, "step": 400, "elapsed_seconds": 150.31880403200012, "training_loss_recent": 0.8411418679356575, "processed_target_tokens": 724378, "validation": {"nll_per_char": 0.8405656154218688, "ppl": 2.3176775202627296, "bits_per_char": 1.2126798449109097, "body_nll_per_char": 0.89972288037281, "body_ppl": 2.4589216012939916, "characters_scored": 8664, "body_characters_scored": 7914, "record_count": 36}, "best_step": 400, "improved": true}
{"model": "gpt", "seed": 20260927, "step": 450, "loss": 0.7808127415180206, "elapsed_seconds": 168.52641167800175}
{"model": "gpt", "seed": 20260927, "step": 500, "loss": 0.7451853621006012, "elapsed_seconds": 184.30099589600104}
{"model": "gpt", "seed": 20260927, "step": 550, "loss": 0.7377201044559478, "elapsed_seconds": 201.94614027800162}
{"model": "gpt", "seed": 20260927, "step": 600, "elapsed_seconds": 221.29583512600038, "training_loss_recent": 0.7471271654963494, "processed_target_tokens": 1085897, "validation": {"nll_per_char": 0.7636548456687967, "ppl": 2.146105588931326, "bits_per_char": 1.1017210587971997, "body_nll_per_char": 0.8178821490110916, "body_ppl": 2.2656963455417247, "characters_scored": 8664, "body_characters_scored": 7914, "record_count": 36}, "best_step": 600, "improved": true}
{"model": "gpt", "seed": 20260927, "step": 650, "loss": 0.7061470234394074, "elapsed_seconds": 238.69789349200073}
{"model": "gpt", "seed": 20260927, "step": 700, "loss": 0.6996688985824585, "elapsed_seconds": 254.44919057800143}
{"model": "gpt", "seed": 20260927, "step": 750, "loss": 0.6915793466567993, "elapsed_seconds": 270.1870812270008}
{"model": "gpt", "seed": 20260927, "step": 800, "elapsed_seconds": 286.34493360300075, "training_loss_recent": 0.6964702588319779, "processed_target_tokens": 1448993, "validation": {"nll_per_char": 0.7010131911248861, "ppl": 2.0157940578057922, "bits_per_char": 1.0113482544336203, "body_nll_per_char": 0.7503516991623452, "body_ppl": 2.117744694688854, "characters_scored": 8664, "body_characters_scored": 7914, "record_count": 36}, "best_step": 800, "improved": true}
{"model": "gpt", "seed": 20260927, "step": 850, "loss": 0.6707432699203492, "elapsed_seconds": 304.05422176200045}
{"model": "gpt", "seed": 20260927, "step": 900, "loss": 0.6564470636844635, "elapsed_seconds": 321.98016767100125}
{"model": "gpt", "seed": 20260927, "step": 950, "loss": 0.6533099114894867, "elapsed_seconds": 338.08491317800144}
{"model": "gpt", "seed": 20260927, "step": 1000, "elapsed_seconds": 354.4760126320016, "training_loss_recent": 0.6573022499680519, "processed_target_tokens": 1811413, "validation": {"nll_per_char": 0.6902203523613675, "ppl": 1.9941549015748743, "bits_per_char": 0.9957774794723778, "body_nll_per_char": 0.7391466988572587, "body_ppl": 2.0941478131570035, "characters_scored": 8664, "body_characters_scored": 7914, "record_count": 36}, "best_step": 1000, "improved": true}
{"model": "gpt", "seed": 20260927, "step": 1050, "loss": 0.6429246985912322, "elapsed_seconds": 373.5237398150002}
{"model": "gpt", "seed": 20260927, "step": 1100, "loss": 0.6244884181022644, "elapsed_seconds": 394.7233564830003}
{"model": "gpt", "seed": 20260927, "step": 1150, "loss": 0.6312708342075348, "elapsed_seconds": 416.2622518290009}
{"model": "gpt", "seed": 20260927, "step": 1200, "elapsed_seconds": 438.23685194500104, "training_loss_recent": 0.63042674690485, "processed_target_tokens": 2172982, "validation": {"nll_per_char": 0.6754078199203194, "ppl": 1.9648341110899388, "bits_per_char": 0.9744075123766709, "body_nll_per_char": 0.7234632046908832, "body_ppl": 2.061560467827787, "characters_scored": 8664, "body_characters_scored": 7914, "record_count": 36}, "best_step": 1200, "improved": true}
{"model": "gpt", "seed": 20260927, "step": 1250, "loss": 0.6182522821426392, "elapsed_seconds": 463.2967895840011}
{"model": "gpt", "seed": 20260927, "step": 1300, "loss": 0.6088440120220184, "elapsed_seconds": 484.0611558240016}
{"model": "gpt", "seed": 20260927, "step": 1350, "loss": 0.6091278445720673, "elapsed_seconds": 507.9166259320009}
{"model": "gpt", "seed": 20260927, "step": 1400, "elapsed_seconds": 526.5650042850011, "training_loss_recent": 0.6102935397624969, "processed_target_tokens": 2532410, "validation": {"nll_per_char": 0.6435702373170342, "ppl": 1.9032638673448, "bits_per_char": 0.9284755898410186, "body_nll_per_char": 0.6885276698463209, "body_ppl": 1.990782285629965, "characters_scored": 8664, "body_characters_scored": 7914, "record_count": 36}, "best_step": 1400, "improved": true}
{"model": "gpt", "seed": 20260927, "step": 1450, "loss": 0.6039080429077148, "elapsed_seconds": 547.7642571680008}
{"model": "gpt", "seed": 20260927, "step": 1500, "loss": 0.6015367031097412, "elapsed_seconds": 566.9582469160014}
{"model": "gpt", "seed": 20260927, "step": 1550, "loss": 0.5970471036434174, "elapsed_seconds": 586.0613097280002}
{"model": "gpt", "seed": 20260927, "step": 1600, "elapsed_seconds": 603.9085852410008, "training_loss_recent": 0.5998917996883393, "processed_target_tokens": 2896097, "validation": {"nll_per_char": 0.6385440135847287, "ppl": 1.893721638104156, "bits_per_char": 0.921224281788023, "body_nll_per_char": 0.6833201531682059, "body_ppl": 1.9804422001259663, "characters_scored": 8664, "body_characters_scored": 7914, "record_count": 36}, "best_step": 1600, "improved": true}
{"model": "gpt", "seed": 20260927, "step": 1650, "loss": 0.5928417825698853, "elapsed_seconds": 623.4495034710017}
{"model": "gpt", "seed": 20260927, "step": 1700, "loss": 0.585113844871521, "elapsed_seconds": 644.187095284}
{"model": "gpt", "seed": 20260927, "step": 1750, "loss": 0.5856222915649414, "elapsed_seconds": 666.4789693400016}
{"model": "gpt", "seed": 20260927, "step": 1800, "elapsed_seconds": 690.0120783900002, "training_loss_recent": 0.5874533522129058, "processed_target_tokens": 3260373, "validation": {"nll_per_char": 0.6359207977212721, "ppl": 1.8887605073654403, "bits_per_char": 0.9174397812706329, "body_nll_per_char": 0.6804051781285626, "body_ppl": 1.9746776663629677, "characters_scored": 8664, "body_characters_scored": 7914, "record_count": 36}, "best_step": 1800, "improved": true}
{"model": "gpt", "seed": 20260927, "step": 1850, "loss": 0.5798289060592652, "elapsed_seconds": 714.3786728570012}
{"model": "gpt", "seed": 20260927, "step": 1900, "loss": 0.576197955608368, "elapsed_seconds": 741.2864543120013}
{"model": "gpt", "seed": 20260927, "step": 1950, "loss": 0.5723297882080078, "elapsed_seconds": 767.3053069820016}
{"model": "gpt", "seed": 20260927, "step": 2000, "elapsed_seconds": 790.4581745030009, "training_loss_recent": 0.5779812148213387, "processed_target_tokens": 3622670, "validation": {"nll_per_char": 0.6365439337397159, "ppl": 1.8899378288454076, "bits_per_char": 0.918338776514241, "body_nll_per_char": 0.6811507057387025, "body_ppl": 1.9761503919949652, "characters_scored": 8664, "body_characters_scored": 7914, "record_count": 36}, "best_step": 1800, "improved": false}
{"state": "completed", "model": "gpt", "seed": 20260927, "best_step": 1800, "validation_body_ppl": 1.9746776663629677, "training_body_ppl": 1.821665885881817, "test_evaluated": false}
