{"model": "gpt", "seed": 20260926, "step": 0, "elapsed_seconds": 1.0635843200016097, "training_loss_recent": null, "processed_target_tokens": 0, "validation": {"nll_per_char": 4.421838295922055, "ppl": 83.2491814118946, "bits_per_char": 6.379364181139653, "body_nll_per_char": 4.412599800269893, "body_ppl": 82.4836259467856, "characters_scored": 8664, "body_characters_scored": 7914, "record_count": 36}, "best_step": 0, "improved": true}
{"model": "gpt", "seed": 20260926, "step": 50, "loss": 3.4642150592803955, "elapsed_seconds": 28.956544513001063}
{"model": "gpt", "seed": 20260926, "step": 100, "loss": 2.0154267501831056, "elapsed_seconds": 53.4778841310017}
{"model": "gpt", "seed": 20260926, "step": 150, "loss": 1.1787572777271271, "elapsed_seconds": 79.21542472500005}
{"model": "gpt", "seed": 20260926, "step": 200, "elapsed_seconds": 104.21024773400131, "training_loss_recent": 1.9058263102173805, "processed_target_tokens": 361229, "validation": {"nll_per_char": 0.9523556903898991, "ppl": 2.5918079707580937, "bits_per_char": 1.3739588316878926, "body_nll_per_char": 1.0087836069502794, "body_ppl": 2.742263315413785, "characters_scored": 8664, "body_characters_scored": 7914, "record_count": 36}, "best_step": 200, "improved": true}
{"model": "gpt", "seed": 20260926, "step": 250, "loss": 0.8857412958145141, "elapsed_seconds": 128.68499237500146}
{"model": "gpt", "seed": 20260926, "step": 300, "loss": 0.8441406726837158, "elapsed_seconds": 152.3111357980015}
{"model": "gpt", "seed": 20260926, "step": 350, "loss": 0.8170102286338806, "elapsed_seconds": 176.5266239750017}
{"model": "gpt", "seed": 20260926, "step": 400, "elapsed_seconds": 202.8977012580017, "training_loss_recent": 0.8361720532178879, "processed_target_tokens": 724092, "validation": {"nll_per_char": 0.8198838782087631, "ppl": 2.2702361983316925, "bits_per_char": 1.1828424051965933, "body_nll_per_char": 0.876782333981886, "body_ppl": 2.403154703457449, "characters_scored": 8664, "body_characters_scored": 7914, "record_count": 36}, "best_step": 400, "improved": true}
{"model": "gpt", "seed": 20260926, "step": 450, "loss": 0.7628063762187958, "elapsed_seconds": 228.18489881200003}
{"model": "gpt", "seed": 20260926, "step": 500, "loss": 0.7398646986484527, "elapsed_seconds": 252.98497705500085}
{"model": "gpt", "seed": 20260926, "step": 550, "loss": 0.7303462159633637, "elapsed_seconds": 276.8556795730001}
{"model": "gpt", "seed": 20260926, "step": 600, "elapsed_seconds": 302.78737886600175, "training_loss_recent": 0.7388082963228225, "processed_target_tokens": 1087393, "validation": {"nll_per_char": 0.7626691887906608, "ppl": 2.1439913073456554, "bits_per_char": 1.100299056507095, "body_nll_per_char": 0.8168922158293598, "body_ppl": 2.263454567337932, "characters_scored": 8664, "body_characters_scored": 7914, "record_count": 36}, "best_step": 600, "improved": true}
{"model": "gpt", "seed": 20260926, "step": 650, "loss": 0.7031880867481232, "elapsed_seconds": 324.24453155000083}
{"model": "gpt", "seed": 20260926, "step": 700, "loss": 0.6943223476409912, "elapsed_seconds": 343.13453082900014}
{"model": "gpt", "seed": 20260926, "step": 750, "loss": 0.6790329730510711, "elapsed_seconds": 361.86081408500104}
{"model": "gpt", "seed": 20260926, "step": 800, "elapsed_seconds": 380.2407287820006, "training_loss_recent": 0.6884730762243271, "processed_target_tokens": 1449889, "validation": {"nll_per_char": 0.7198357452132261, "ppl": 2.054095787867344, "bits_per_char": 1.0385034598737328, "body_nll_per_char": 0.7700912695895741, "body_ppl": 2.159963383760323, "characters_scored": 8664, "body_characters_scored": 7914, "record_count": 36}, "best_step": 800, "improved": true}
{"model": "gpt", "seed": 20260926, "step": 850, "loss": 0.6647833657264709, "elapsed_seconds": 405.99749963700015}
{"model": "gpt", "seed": 20260926, "step": 900, "loss": 0.6517286205291748, "elapsed_seconds": 430.91040715000054}
{"model": "gpt", "seed": 20260926, "step": 950, "loss": 0.6485434556007386, "elapsed_seconds": 457.9088095450006}
{"model": "gpt", "seed": 20260926, "step": 1000, "elapsed_seconds": 482.6623245760002, "training_loss_recent": 0.6527375569939613, "processed_target_tokens": 1812334, "validation": {"nll_per_char": 0.6858127713315492, "ppl": 1.9853848438280717, "bits_per_char": 0.9894186841783427, "body_nll_per_char": 0.733829797158155, "body_ppl": 2.0830429828970956, "characters_scored": 8664, "body_characters_scored": 7914, "record_count": 36}, "best_step": 1000, "improved": true}
{"model": "gpt", "seed": 20260926, "step": 1050, "loss": 0.6411033070087433, "elapsed_seconds": 508.3246100180004}
{"model": "gpt", "seed": 20260926, "step": 1100, "loss": 0.6339929258823395, "elapsed_seconds": 525.4488106500012}
{"model": "gpt", "seed": 20260926, "step": 1150, "loss": 0.6315742933750152, "elapsed_seconds": 542.8016793260012}
{"model": "gpt", "seed": 20260926, "step": 1200, "elapsed_seconds": 560.246231389001, "training_loss_recent": 0.6321915131807327, "processed_target_tokens": 2175081, "validation": {"nll_per_char": 0.6615837904608275, "ppl": 1.9378590679355503, "bits_per_char": 0.9544636536303589, "body_nll_per_char": 0.7078317339131934, "body_ppl": 2.02958580220664, "characters_scored": 8664, "body_characters_scored": 7914, "record_count": 36}, "best_step": 1200, "improved": true}
{"model": "gpt", "seed": 20260926, "step": 1250, "loss": 0.6143434154987335, "elapsed_seconds": 580.6784157950005}
{"model": "gpt", "seed": 20260926, "step": 1300, "loss": 0.6129739046096802, "elapsed_seconds": 597.9764035590015}
{"model": "gpt", "seed": 20260926, "step": 1350, "loss": 0.6122998964786529, "elapsed_seconds": 615.4321042110005}
{"model": "gpt", "seed": 20260926, "step": 1400, "elapsed_seconds": 632.9903122390006, "training_loss_recent": 0.6111783337593079, "processed_target_tokens": 2534831, "validation": {"nll_per_char": 0.650376314133727, "ppl": 1.9162618097506976, "bits_per_char": 0.9382946831123706, "body_nll_per_char": 0.695928131380115, "body_ppl": 2.005569642501792, "characters_scored": 8664, "body_characters_scored": 7914, "record_count": 36}, "best_step": 1400, "improved": true}
{"model": "gpt", "seed": 20260926, "step": 1450, "loss": 0.6036375391483307, "elapsed_seconds": 658.5811216480015}
{"model": "gpt", "seed": 20260926, "step": 1500, "loss": 0.5971763336658478, "elapsed_seconds": 683.9392168230006}
{"model": "gpt", "seed": 20260926, "step": 1550, "loss": 0.5980045402050018, "elapsed_seconds": 712.2836101000012}
{"model": "gpt", "seed": 20260926, "step": 1600, "elapsed_seconds": 742.9479078150016, "training_loss_recent": 0.5983331236243248, "processed_target_tokens": 2897419, "validation": {"nll_per_char": 0.6398947234086664, "ppl": 1.8962812347715812, "bits_per_char": 0.9231729441526979, "body_nll_per_char": 0.6845310079852478, "body_ppl": 1.9828416805218894, "characters_scored": 8664, "body_characters_scored": 7914, "record_count": 36}, "best_step": 1600, "improved": true}
{"model": "gpt", "seed": 20260926, "step": 1650, "loss": 0.5894179356098175, "elapsed_seconds": 771.4695144900015}
{"model": "gpt", "seed": 20260926, "step": 1700, "loss": 0.5871460139751434, "elapsed_seconds": 800.3434762640009}
{"model": "gpt", "seed": 20260926, "step": 1750, "loss": 0.5928824174404145, "elapsed_seconds": 821.699255720001}
{"model": "gpt", "seed": 20260926, "step": 1800, "elapsed_seconds": 840.2441564680012, "training_loss_recent": 0.5895851972699165, "processed_target_tokens": 3257446, "validation": {"nll_per_char": 0.6483033894230985, "ppl": 1.9122936575545377, "bits_per_char": 0.9353040849122107, "body_nll_per_char": 0.693867717303346, "body_ppl": 2.0014415927847167, "characters_scored": 8664, "body_characters_scored": 7914, "record_count": 36}, "best_step": 1600, "improved": false}
{"model": "gpt", "seed": 20260926, "step": 1850, "loss": 0.5851782989501954, "elapsed_seconds": 860.6757622000005}
{"model": "gpt", "seed": 20260926, "step": 1900, "loss": 0.5855556082725525, "elapsed_seconds": 879.5312406680005}
{"model": "gpt", "seed": 20260926, "step": 1950, "loss": 0.580400904417038, "elapsed_seconds": 902.9554050250008}
{"model": "gpt", "seed": 20260926, "step": 2000, "elapsed_seconds": 923.1393980030007, "training_loss_recent": 0.5819857111573219, "processed_target_tokens": 3621776, "validation": {"nll_per_char": 0.6470205643895417, "ppl": 1.9098420921800312, "bits_per_char": 0.93345335959797, "body_nll_per_char": 0.6924051754448164, "body_ppl": 1.9985165402051825, "characters_scored": 8664, "body_characters_scored": 7914, "record_count": 36}, "best_step": 1600, "improved": false}
{"state": "completed", "model": "gpt", "seed": 20260926, "best_step": 1600, "validation_body_ppl": 1.9828416805218894, "training_body_ppl": 1.8383496868501583, "test_evaluated": false}
