{"model": "nplm", "seed": 20260926, "step": 0, "elapsed_seconds": 0.04640931199901388, "training_loss_recent": null, "processed_target_tokens": 0, "validation": {"nll_per_char": 4.412967820907234, "ppl": 82.5139872098197, "bits_per_char": 6.366566790825441, "body_nll_per_char": 4.417578292851018, "body_ppl": 82.89529395942037, "characters_scored": 8664, "body_characters_scored": 7914, "record_count": 36}, "best_step": 0, "improved": true}
{"model": "nplm", "seed": 20260926, "step": 50, "loss": 3.38792218208313, "elapsed_seconds": 1.6050833139997849}
{"model": "nplm", "seed": 20260926, "step": 100, "loss": 1.4009305429458618, "elapsed_seconds": 3.4119383779998316}
{"model": "nplm", "seed": 20260926, "step": 150, "loss": 0.8850261771678924, "elapsed_seconds": 4.606101352999758}
{"model": "nplm", "seed": 20260926, "step": 200, "elapsed_seconds": 6.360042088999762, "training_loss_recent": 1.6065093141794204, "processed_target_tokens": 361229, "validation": {"nll_per_char": 0.734827196568804, "ppl": 2.0851216451965477, "bits_per_char": 1.060131552400153, "body_nll_per_char": 0.7815175300667269, "body_ppl": 2.184785228375429, "characters_scored": 8664, "body_characters_scored": 7914, "record_count": 36}, "best_step": 200, "improved": true}
{"model": "nplm", "seed": 20260926, "step": 250, "loss": 0.6789447808265686, "elapsed_seconds": 7.959960858999693}
{"model": "nplm", "seed": 20260926, "step": 300, "loss": 0.6350375509262085, "elapsed_seconds": 10.398163202999058}
{"model": "nplm", "seed": 20260926, "step": 350, "loss": 0.6028623032569885, "elapsed_seconds": 11.603135519999341}
{"model": "nplm", "seed": 20260926, "step": 400, "elapsed_seconds": 12.806723542000327, "training_loss_recent": 0.6252677556872368, "processed_target_tokens": 724092, "validation": {"nll_per_char": 0.6331016057233636, "ppl": 1.8834432275951414, "bits_per_char": 0.9133725469559365, "body_nll_per_char": 0.6755984125935109, "body_ppl": 1.9652086297646734, "characters_scored": 8664, "body_characters_scored": 7914, "record_count": 36}, "best_step": 400, "improved": true}
{"model": "nplm", "seed": 20260926, "step": 450, "loss": 0.5589734971523285, "elapsed_seconds": 14.19650492800065}
{"model": "nplm", "seed": 20260926, "step": 500, "loss": 0.5381499236822128, "elapsed_seconds": 15.31282713300061}
{"model": "nplm", "seed": 20260926, "step": 550, "loss": 0.5318592852354049, "elapsed_seconds": 16.944295453999075}
{"model": "nplm", "seed": 20260926, "step": 600, "elapsed_seconds": 18.02326244699907, "training_loss_recent": 0.5373868170380592, "processed_target_tokens": 1087393, "validation": {"nll_per_char": 0.6054978174749001, "ppl": 1.832164065186475, "bits_per_char": 0.8735486985401291, "body_nll_per_char": 0.6464223393231869, "body_ppl": 1.908699918440253, "characters_scored": 8664, "body_characters_scored": 7914, "record_count": 36}, "best_step": 600, "improved": true}
{"model": "nplm", "seed": 20260926, "step": 650, "loss": 0.5122885817289352, "elapsed_seconds": 19.10429426799965}
{"model": "nplm", "seed": 20260926, "step": 700, "loss": 0.5000720876455307, "elapsed_seconds": 20.677247793999413}
{"model": "nplm", "seed": 20260926, "step": 750, "loss": 0.48959256291389464, "elapsed_seconds": 23.036171437999656}
{"model": "nplm", "seed": 20260926, "step": 800, "elapsed_seconds": 24.26928494599997, "training_loss_recent": 0.49603952586650846, "processed_target_tokens": 1449889, "validation": {"nll_per_char": 0.6005190660010965, "ppl": 1.823064845818518, "bits_per_char": 0.8663658784790541, "body_nll_per_char": 0.6414211059831626, "body_ppl": 1.8991778955485505, "characters_scored": 8664, "body_characters_scored": 7914, "record_count": 36}, "best_step": 800, "improved": true}
{"model": "nplm", "seed": 20260926, "step": 850, "loss": 0.4717826342582703, "elapsed_seconds": 25.7508417629997}
{"model": "nplm", "seed": 20260926, "step": 900, "loss": 0.47128516018390654, "elapsed_seconds": 28.121886412000094}
{"model": "nplm", "seed": 20260926, "step": 950, "loss": 0.462675684094429, "elapsed_seconds": 29.31707056199957}
{"model": "nplm", "seed": 20260926, "step": 1000, "elapsed_seconds": 31.27618923099908, "training_loss_recent": 0.4647787019610405, "processed_target_tokens": 1812334, "validation": {"nll_per_char": 0.6025258449096675, "ppl": 1.8267270072452098, "bits_per_char": 0.8692610484586101, "body_nll_per_char": 0.6436739607314336, "body_ppl": 1.9034612906101545, "characters_scored": 8664, "body_characters_scored": 7914, "record_count": 36}, "best_step": 800, "improved": false}
{"model": "nplm", "seed": 20260926, "step": 1050, "loss": 0.4494677597284317, "elapsed_seconds": 32.42552058199908}
{"model": "nplm", "seed": 20260926, "step": 1100, "loss": 0.44793272376060483, "elapsed_seconds": 33.60245041899907}
{"model": "nplm", "seed": 20260926, "step": 1150, "loss": 0.44632678806781767, "elapsed_seconds": 35.35991577899949}
{"model": "nplm", "seed": 20260926, "step": 1200, "elapsed_seconds": 36.55860815699998, "training_loss_recent": 0.4451967163383961, "processed_target_tokens": 2175081, "validation": {"nll_per_char": 0.59897024769523, "ppl": 1.8202434351028238, "bits_per_char": 0.8641314059899424, "body_nll_per_char": 0.640265437623318, "body_ppl": 1.8969843434984355, "characters_scored": 8664, "body_characters_scored": 7914, "record_count": 36}, "best_step": 1200, "improved": true}
{"model": "nplm", "seed": 20260926, "step": 1250, "loss": 0.431689236164093, "elapsed_seconds": 38.060029058999135}
{"model": "nplm", "seed": 20260926, "step": 1300, "loss": 0.43382460594177247, "elapsed_seconds": 40.58761893799965}
{"model": "nplm", "seed": 20260926, "step": 1350, "loss": 0.42609174191951754, "elapsed_seconds": 41.76735598199957}
{"model": "nplm", "seed": 20260926, "step": 1400, "elapsed_seconds": 43.670710517999396, "training_loss_recent": 0.42803974583745, "processed_target_tokens": 2534831, "validation": {"nll_per_char": 0.6027885375219784, "ppl": 1.8272069379690896, "bits_per_char": 0.8696400337876691, "body_nll_per_char": 0.6446499407538002, "body_ppl": 1.9053199376567953, "characters_scored": 8664, "body_characters_scored": 7914, "record_count": 36}, "best_step": 1200, "improved": false}
{"model": "nplm", "seed": 20260926, "step": 1450, "loss": 0.4226034075021744, "elapsed_seconds": 44.86124915400069}
{"model": "nplm", "seed": 20260926, "step": 1500, "loss": 0.4204104524850845, "elapsed_seconds": 46.33823887399922}
{"model": "nplm", "seed": 20260926, "step": 1550, "loss": 0.41926657378673554, "elapsed_seconds": 48.63630639099938}
{"model": "nplm", "seed": 20260926, "step": 1600, "elapsed_seconds": 49.89773883700036, "training_loss_recent": 0.41859012603759765, "processed_target_tokens": 2897419, "validation": {"nll_per_char": 0.6036589561947713, "ppl": 1.8287980653800022, "bits_per_char": 0.8708957824904046, "body_nll_per_char": 0.6454508310736581, "body_ppl": 1.9068465011744709, "characters_scored": 8664, "body_characters_scored": 7914, "record_count": 36}, "best_step": 1200, "improved": false}
{"model": "nplm", "seed": 20260926, "step": 1650, "loss": 0.4084396141767502, "elapsed_seconds": 51.395639185999244}
{"model": "nplm", "seed": 20260926, "step": 1700, "loss": 0.4090641337633133, "elapsed_seconds": 52.48521268600052}
{"model": "nplm", "seed": 20260926, "step": 1750, "loss": 0.4109084939956665, "elapsed_seconds": 53.99195208799938}
{"model": "nplm", "seed": 20260926, "step": 1800, "elapsed_seconds": 54.99420719800037, "training_loss_recent": 0.4094936552643776, "processed_target_tokens": 3257446, "validation": {"nll_per_char": 0.6035023039411227, "ppl": 1.8285116024797077, "bits_per_char": 0.8706697810609216, "body_nll_per_char": 0.6454573488337145, "body_ppl": 1.9068589295829326, "characters_scored": 8664, "body_characters_scored": 7914, "record_count": 36}, "best_step": 1200, "improved": false}
{"model": "nplm", "seed": 20260926, "step": 1850, "loss": 0.40437349617481233, "elapsed_seconds": 56.0628684860003}
{"model": "nplm", "seed": 20260926, "step": 1900, "loss": 0.4082265287637711, "elapsed_seconds": 57.47890444499899}
{"model": "nplm", "seed": 20260926, "step": 1950, "loss": 0.40077354431152346, "elapsed_seconds": 59.81517666599939}
{"model": "nplm", "seed": 20260926, "step": 2000, "elapsed_seconds": 61.02778348999891, "training_loss_recent": 0.40327618554234507, "processed_target_tokens": 3621776, "validation": {"nll_per_char": 0.6025634680485593, "ppl": 1.8267957357420035, "bits_per_char": 0.8693153271745119, "body_nll_per_char": 0.6443360609542829, "body_ppl": 1.9047219900634917, "characters_scored": 8664, "body_characters_scored": 7914, "record_count": 36}, "best_step": 1200, "improved": false}
{"state": "completed", "model": "nplm", "seed": 20260926, "best_step": 1200, "validation_body_ppl": 1.8969843434984355, "training_body_ppl": 1.5882308062103827, "test_evaluated": false}
